// Vitest Snapshot v1, https://vitest.dev/guide/snapshot.html

exports[`setup test suit example > should be match with snapshot 1`] = `
"<div class=\\"loader\\">
  <p class=\\"loader__title\\">Cargando...</p>
</div>"
`;
